


                          Logbog for Benny Christensen                          


                             13.03.2023 - 19.03.2023                            



13.03.2023:
Nat: Rimelig, få afbrydelser.
Morgen: Jeg har bare "almindelig" ondt i benene,
                  Det brænder under fødderne og leddene er stive.
Formiddag: Morgenmad, skal ha' spist noget, før tandlægen.
Middag: Tandlægebesøg, bare én mere av.
Eftermiddag: Hvile og øvelser med rolly.
                          Det kniber med balancen.
Aften: Sofaen med benene op, lidt ro i benene.

____________________________________/\____________________________________

14.03.2023:
Nat: Meget urolig, smerter og kramper.
Morgen: vågnede med smerter overalt i benene og låste led.
Formiddag: Øvelser med rolly for at hjælpe stivheden og kramperne...
Middag: Det er ik' blevet bedre, må nok bare erkende, idag er en dum dag.
Eftermiddag: Ligger med benene opad det meste af tiden...
Aften: Er tung i hovedet af smerterne.

____________________________________/\____________________________________

15.03.2023:
Nat: 
Morgen: 
Formiddag: 
Middag: 
Eftermiddag: 
Aften: 

____________________________________/\____________________________________

16.03.2023:
Nat: 
Morgen: 
Formiddag: 
Middag: 
Eftermiddag: 
Aften: 

____________________________________/\____________________________________




                               To be continued...                               
